#etc/*
bin/grub-glue-efi
#bin/grub-mkpasswd-pbkdf2
#bin/grub-syslinux2cfg
#lib/grub/i386-pc/gcry_*
lib/grub/i386-pc/affs.mod*
lib/grub/i386-pc/afs.mod*
#lib/grub/i386-pc/bfs.mod*
#lib/grub/i386-pc/bsd.mod*
#lib/grub/i386-pc/bswap_test.mod*
#lib/grub/i386-pc/btrfs.mod*
#lib/grub/i386-pc/cbfs.mod*
#lib/grub/i386-pc/cbls.mod*
#lib/grub/i386-pc/cbmemc.mod*
#lib/grub/i386-pc/cbtable.mod*
#lib/grub/i386-pc/cbtime.mod*
#lib/grub/i386-pc/cmp*
lib/grub/i386-pc/efiemu.mod*
lib/grub/i386-pc/exfat.mod*
#lib/grub/i386-pc/hfs*
#lib/grub/i386-pc/jfs.mod*
#lib/grub/i386-pc/lvm.mod*
#lib/grub/i386-pc/luks.mod*
#lib/grub/i386-pc/mda_text.mod*
#lib/grub/i386-pc/mdraid*
lib/grub/i386-pc/minix*
#lib/grub/i386-pc/multiboot*
#lib/grub/i386-pc/part_acorn.mod*
#lib/grub/i386-pc/part_amiga.mod*
lib/grub/i386-pc/part_apple.mod*
#lib/grub/i386-pc/part_dfly.mod*
#lib/grub/i386-pc/part_dvh.mod*
lib/grub/i386-pc/part_sun.mod*
lib/grub/i386-pc/part_sunpc.mod*
#lib/grub/i386-pc/raid*
#lib/grub/i386-pc/reiserfs.mod*
#lib/grub/i386-pc/romfs.mod*
#lib/grub/i386-pc/sendkey.mod*
#lib/grub/i386-pc/serial.mod*
#lib/grub/i386-pc/usbserial_*
#lib/grub/i386-pc/video_bochs.mod*
#lib/grub/i386-pc/video_cirrus.mod*
#lib/grub/i386-pc/xfs.mod*
#lib/grub/i386-pc/xnu*
#lib/grub/i386-pc/zfs*
sbin/grub-sparc64-setup
#share/bash-completion
