etc/cron.weekly/*
etc/<PN>/cachemgr.conf
etc/<PN>/errorpage.css
etc/<PN>/mime.conf
etc/<PN>/<PN>.conf
etc/ssl/*
run/*
<DPREFIX>/share/<PN>/errors/COPYRIGHT
<DPREFIX>/share/<PN>/errors/TRANSLATORS
<DPREFIX>/share/<PN>/errors/a*
<DPREFIX>/share/<PN>/errors/bg*
<DPREFIX>/share/<PN>/errors/c*
<DPREFIX>/share/<PN>/errors/d*
<DPREFIX>/share/<PN>/errors/e*-*
<DPREFIX>/share/<PN>/errors/el
<DPREFIX>/share/<PN>/errors/es
<DPREFIX>/share/<PN>/errors/et
<DPREFIX>/share/<PN>/errors/f*
<DPREFIX>/share/<PN>/errors/h*
<DPREFIX>/share/<PN>/errors/i*
<DPREFIX>/share/<PN>/errors/ja-jp
<DPREFIX>/share/<PN>/errors/ja
<DPREFIX>/share/<PN>/errors/k*
<DPREFIX>/share/<PN>/errors/l*
<DPREFIX>/share/<PN>/errors/ms-my
<DPREFIX>/share/<PN>/errors/ms
<DPREFIX>/share/<PN>/errors/nl-nl
<DPREFIX>/share/<PN>/errors/nl
<DPREFIX>/share/<PN>/errors/oc
<DPREFIX>/share/<PN>/errors/p*
<DPREFIX>/share/<PN>/errors/r*
<DPREFIX>/share/<PN>/errors/s*
<DPREFIX>/share/<PN>/errors/t*
<DPREFIX>/share/<PN>/errors/u*
<DPREFIX>/share/<PN>/errors/vi-vn
<DPREFIX>/share/<PN>/errors/vi
<DPREFIX>/share/<PN>/errors/zh-*
