https://raw.githubusercontent.com/transmission/transmission-releases/master/transmission-2.94.tar.xz
ftp://shellgen.mooo.com/pub/distfiles/patch/transmission-2.94-r668/01-i2p-libtransmission_base32_c.diff
ftp://shellgen.mooo.com/pub/distfiles/patch/transmission-2.94-r668/02-i2p-libtransmission_base32_h.diff
ftp://shellgen.mooo.com/pub/distfiles/patch/transmission-2.94-r668/03-i2p-libtransmission_neti2p_c.diff
ftp://shellgen.mooo.com/pub/distfiles/patch/transmission-2.94-r668/04-i2p-libtransmission_neti2p_h.diff
ftp://shellgen.mooo.com/pub/distfiles/patch/transmission-2.94-r668/05-i2p-third-party_libbob_bob_c.diff
ftp://shellgen.mooo.com/pub/distfiles/patch/transmission-2.94-r668/06-i2p-third-party_libbob_bob_h.diff
ftp://shellgen.mooo.com/pub/distfiles/patch/transmission-2.94-r668/07-i2p-third-party_libbob_makefile_am.diff
ftp://shellgen.mooo.com/pub/distfiles/patch/transmission-2.94-r668/08-i2p-third-party_libbob_makefile_in.diff
ftp://shellgen.mooo.com/pub/distfiles/patch/transmission-2.94-r668/09-i2p-cli_makefile_am.diff
ftp://shellgen.mooo.com/pub/distfiles/patch/transmission-2.94-r668/10-i2p-configure-ac.diff
ftp://shellgen.mooo.com/pub/distfiles/patch/transmission-2.94-r668/11-i2p-daemon_makefile_am.diff
ftp://shellgen.mooo.com/pub/distfiles/patch/transmission-2.94-r668/12-i2p-libtransmission_announcer-common_h.diff
ftp://shellgen.mooo.com/pub/distfiles/patch/transmission-2.94-r668/13-i2p-libtransmission_announcer-http_c.diff
ftp://shellgen.mooo.com/pub/distfiles/patch/transmission-2.94-r668/14-i2p-libtransmission_announcer-udp_c.diff
ftp://shellgen.mooo.com/pub/distfiles/patch/transmission-2.94-r668/15-i2p-libtransmission_clients_c.diff
ftp://shellgen.mooo.com/pub/distfiles/patch/transmission-2.94-r668/16-i2p-libtransmission_handshake_c.diff
ftp://shellgen.mooo.com/pub/distfiles/patch/transmission-2.94-r668/17-i2p-libtransmission_makefile_am.diff
ftp://shellgen.mooo.com/pub/distfiles/patch/transmission-2.94-r668/18-i2p-libtransmission_peer-mgr-c.diff
ftp://shellgen.mooo.com/pub/distfiles/patch/transmission-2.94-r668/19-i2p-libtransmission_peer-mgr_h.diff
ftp://shellgen.mooo.com/pub/distfiles/patch/transmission-2.94-r668/20-i2p-libtransmission-peer-msgs-c.diff
ftp://shellgen.mooo.com/pub/distfiles/patch/transmission-2.94-r668/21-i2p-libtransmission_quark-test_c.diff
ftp://shellgen.mooo.com/pub/distfiles/patch/transmission-2.94-r668/22-i2p-libtransmission-quark-c.diff
ftp://shellgen.mooo.com/pub/distfiles/patch/transmission-2.94-r668/23-i2p-libtransmission-quark-h.diff
ftp://shellgen.mooo.com/pub/distfiles/patch/transmission-2.94-r668/24-i2p-libtransmission_session_h.diff
ftp://shellgen.mooo.com/pub/distfiles/patch/transmission-2.94-r668/25-i2p-libtransmission_tr-dht_c.diff
ftp://shellgen.mooo.com/pub/distfiles/patch/transmission-2.94-r668/26-i2p-libtransmission_tr-udp_c.diff
ftp://shellgen.mooo.com/pub/distfiles/patch/transmission-2.94-r668/27-i2p-libtransmission_utils_h.diff
ftp://shellgen.mooo.com/pub/distfiles/patch/transmission-2.94-r668/28-i2p-utils_makefile_am.diff
ftp://shellgen.mooo.com/pub/distfiles/patch/transmission-2.94-r668/29-2.90-i2p-configure.diff
ftp://shellgen.mooo.com/pub/distfiles/patch/transmission-2.94-r668/30-2.90-i2p-daemon_makefile.in.diff
ftp://shellgen.mooo.com/pub/distfiles/patch/transmission-2.94-r668/31-2.90-i2p-libtransmission_announcer.c.diff
ftp://shellgen.mooo.com/pub/distfiles/patch/transmission-2.94-r668/32-i2p-libtransmission-makefile-in.diff
ftp://shellgen.mooo.com/pub/distfiles/patch/transmission-2.94-r668/33-2.90-i2p-libtransmission_net.c.diff
ftp://shellgen.mooo.com/pub/distfiles/patch/transmission-2.94-r668/34-2.90-i2p-libtransmission_net.h.diff
ftp://shellgen.mooo.com/pub/distfiles/patch/transmission-2.94-r668/35-2.90-i2p-libtransmission_peer-io.c.diff
ftp://shellgen.mooo.com/pub/distfiles/patch/transmission-2.94-r668/36-2.90-i2p-libtransmission_session.c.diff
ftp://shellgen.mooo.com/pub/distfiles/patch/transmission-2.94-r668/37-2.90-i2p-libtransmission_transmission.h.diff
ftp://shellgen.mooo.com/pub/distfiles/patch/transmission-2.94-r668/38-2.90-i2p-libtransmission_utils.c.diff
ftp://shellgen.mooo.com/pub/distfiles/patch/transmission-2.94-r668/39-2.90-i2p-libtransmission_web.c.diff
ftp://shellgen.mooo.com/pub/distfiles/patch/transmission-2.94-r668/40-2.90-i2p-third-party_makefile.am.diff
ftp://shellgen.mooo.com/pub/distfiles/patch/transmission-2.94-r668/41-2.90-i2p-third-party_makefile.in.diff
