app-accessibility/at-spi2-core

dev-lang/perl  # required for autotools
dev-lang/python3
dev-libs/atk
dev-libs/expat  # for fontconfig or python bundled
dev-libs/fribidi  # for pango (required remove)
dev-libs/glib
dev-libs/libffi  # for glib
dev-libs/libxml2  # for gettext
dev-libs/pcre  # optional (internal pcre glib-2.68.4)
#dev-perl/perl-xml-parser  # deps intltool
#dev-util/intltool
dev-util/pkgconf

gnome-extra/libgsf
media-libs/freetype
media-libs/fontconfig
media-libs/harfbuzz2  # for pango
media-libs/libjpeg-turbo  # for gdk-pixbuf or bundled-libs
media-libs/libpng  # for pango or bundled-libs
media-libs/tiff  # for gdk-pixbuf

sys-apps/file
sys-devel/autoconf  # required for autotools
sys-devel/automake  # required for autotools
sys-devel/binutils
sys-devel/gcc
sys-devel/gettext  # required for autotools (optional)
sys-devel/libtool  # required for autotools
sys-devel/m4  # required for autotools
sys-devel/make
sys-kernel/linux-headers-musl  # testing 
sys-libs/musl
sys-libs/zlib  # for glib or bundled-libs

x11-base/xorg-proto  # deps for gtk2

x11-libs/cairo  # deps for gtk2
x11-libs/goffice8
x11-libs/libice  # deps for gtk2
x11-libs/libsm  # deps for gtk2
x11-libs/libx11  # deps for gtk2
x11-libs/libxau  # deps for gtk2
x11-libs/libxcb  # deps for gtk2
x11-libs/libxcursor  # deps for gtk2
x11-libs/libxdmcp  # deps for gtk2
x11-libs/libxext  # deps for gtk2
x11-libs/libxfixes  # deps for gtk2
x11-libs/libxft  # deps for gtk2
#x11-libs/libxinerama  # optional
x11-libs/libxrender  # deps for gtk2
x11-libs/pango  # deps for gtk2
x11-libs/pixman  # deps for gtk2
x11-libs/gdk-pixbuf  # deps for gtk2
x11-libs/gtk2

x11-misc/shared-mime-info  # for gdk-pixbuf (testing)
