dev-build/meson7  # build tool
#dev-build/meson7
dev-build/muon
dev-build/samurai  # alternative for ninja

dev-lang/python38

dev-python/py38-importlib-resources  # for meson (build tool)
dev-python/py38-setuptools  # for meson (build tool)
#dev-python/py38-typing  # for meson (build tool)
dev-python/py38-zipp  # for meson (build tool)

dev-libs/expat  # for xft (optional)
dev-libs/fribidi  # required remove
#dev-libs/glib-compat
dev-libs/glib74
dev-libs/libffi  # for glib
#dev-libs/pcre  # for glib69
dev-libs/pcre2  # for glib74
dev-util/pkgconf
#dev-util/ninja  # for meson (build tool)

media-libs/freetype  # for xft (optional)
media-libs/fontconfig  # for xft (optional)
media-libs/harfbuzz2
media-libs/libpng

sys-apps/file
sys-devel/binutils
sys-devel/gcc9
sys-devel/make
sys-libs/musl
sys-libs/zlib  # for glib

x11-base/xorg-proto

x11-libs/cairo
x11-libs/libx11
x11-libs/libxau
x11-libs/libxcb
x11-libs/libxdmcp
x11-libs/libxext
x11-libs/libxft  # optional
x11-libs/libxrender
x11-libs/pixman  # for cairo

# testing
sys-kernel/linux-headers-musl
sys-devel/bison
sys-devel/flex
sys-devel/m4
sys-devel/libtool
